mode: set
calculator-server/core/app/calculator.go:19.44,21.2 1 1
calculator-server/core/app/calculator.go:23.60,25.27 2 1
calculator-server/core/app/calculator.go:25.27,27.3 1 1
calculator-server/core/app/calculator.go:28.2,28.20 1 1
calculator-server/core/app/calculator.go:31.65,33.27 2 1
calculator-server/core/app/calculator.go:33.27,35.3 1 1
calculator-server/core/app/calculator.go:36.2,36.20 1 1
calculator-server/core/app/calculator.go:39.65,41.27 2 1
calculator-server/core/app/calculator.go:41.27,43.3 1 1
calculator-server/core/app/calculator.go:44.2,44.20 1 1
calculator-server/core/app/calculator.go:47.63,48.12 1 1
calculator-server/core/app/calculator.go:48.12,50.3 1 1
calculator-server/core/app/calculator.go:51.2,52.27 2 1
calculator-server/core/app/calculator.go:52.27,54.3 1 1
calculator-server/core/app/calculator.go:55.2,55.20 1 1
calculator-server/core/app/calculator.go:58.64,60.2 1 1
calculator-server/core/app/calculator.go:62.68,64.2 1 1
calculator-server/controller/bind.go:12.80,14.47 2 1
calculator-server/controller/bind.go:14.47,16.3 1 1
calculator-server/controller/bind.go:17.2,17.34 1 1
calculator-server/controller/bind.go:17.34,19.3 1 1
calculator-server/controller/bind.go:20.2,20.46 1 1
calculator-server/controller/bind.go:20.46,22.3 1 0
calculator-server/controller/bind.go:23.2,23.52 1 1
calculator-server/controller/bind.go:23.52,25.3 1 0
calculator-server/controller/bind.go:26.2,26.18 1 1
calculator-server/controller/bind.go:30.78,32.47 2 1
calculator-server/controller/bind.go:32.47,34.3 1 1
calculator-server/controller/bind.go:35.2,35.22 1 1
calculator-server/controller/bind.go:35.22,37.3 1 1
calculator-server/controller/bind.go:38.2,38.28 1 1
calculator-server/controller/bind.go:38.28,40.3 1 0
calculator-server/controller/bind.go:41.2,41.31 1 1
calculator-server/controller/bind.go:41.31,43.3 1 0
calculator-server/controller/bind.go:44.2,44.18 1 1
calculator-server/controller/calculator.go:13.74,15.2 1 1
calculator-server/controller/calculator.go:29.55,31.16 2 1
calculator-server/controller/calculator.go:31.16,34.3 2 1
calculator-server/controller/calculator.go:36.2,37.16 2 1
calculator-server/controller/calculator.go:37.16,40.3 2 1
calculator-server/controller/calculator.go:42.2,42.26 1 1
calculator-server/controller/calculator.go:55.60,57.16 2 1
calculator-server/controller/calculator.go:57.16,60.3 2 1
calculator-server/controller/calculator.go:62.2,63.16 2 1
calculator-server/controller/calculator.go:63.16,66.3 2 1
calculator-server/controller/calculator.go:68.2,68.26 1 1
calculator-server/controller/calculator.go:81.60,83.16 2 1
calculator-server/controller/calculator.go:83.16,86.3 2 1
calculator-server/controller/calculator.go:88.2,89.16 2 1
calculator-server/controller/calculator.go:89.16,92.3 2 1
calculator-server/controller/calculator.go:94.2,94.26 1 1
calculator-server/controller/calculator.go:107.58,109.16 2 1
calculator-server/controller/calculator.go:109.16,112.3 2 1
calculator-server/controller/calculator.go:114.2,115.16 2 1
calculator-server/controller/calculator.go:115.16,118.3 2 1
calculator-server/controller/calculator.go:120.2,120.26 1 1
calculator-server/controller/calculator.go:133.58,135.16 2 1
calculator-server/controller/calculator.go:135.16,138.3 2 1
calculator-server/controller/calculator.go:140.2,141.16 2 1
calculator-server/controller/calculator.go:141.16,144.3 2 1
calculator-server/controller/calculator.go:146.2,146.26 1 1
calculator-server/controller/calculator.go:159.62,161.16 2 1
calculator-server/controller/calculator.go:161.16,164.3 2 1
calculator-server/controller/calculator.go:166.2,167.16 2 1
calculator-server/controller/calculator.go:167.16,170.3 2 1
calculator-server/controller/calculator.go:172.2,172.26 1 1
calculator-server/controller/response.go:13.45,14.9 1 1
calculator-server/controller/response.go:15.78,16.74 1 1
calculator-server/controller/response.go:17.10,18.90 1 1
calculator-server/controller/response.go:23.49,25.2 1 1
calculator-server/controller/response.go:28.52,30.2 1 1
calculator-server/controller/router.go:15.49,19.2 1 1
calculator-server/controller/router.go:21.53,26.2 3 1
calculator-server/controller/router.go:26.2,33.3 6 1
calculator-server/builder/server.go:11.39,12.30 1 1
calculator-server/builder/server.go:12.30,17.36 4 1
calculator-server/builder/server.go:17.36,20.4 2 1
calculator-server/builder/server.go:21.3,21.11 1 1
calculator-server/builder/server.go:25.32,36.2 7 1
calculator-server/main.go:17.13,23.41 4 0
calculator-server/main.go:23.41,25.3 1 0
calculator-server/docs/docs.go:312.13,314.2 1 0
